Updating (michael):
@ updating....
Downloading plugin aws-7.20.0: starting
Downloading plugin vercel-4.6.0: starting
@ updating.....
Downloading plugin vercel-4.6.0: done
Installing plugin vercel-4.6.0: starting
Installing plugin vercel-4.6.0: done
@ updating..........
Downloading plugin aws-7.20.0: done
Installing plugin aws-7.20.0: starting
@ updating.....
Installing plugin aws-7.20.0: done

    pulumi:pulumi:Stack markdown-editor-michael running 
@ updating..........
 ++ aws:s3:BucketObjectv2 MyWebDevServerCode creating replacement (0s) [diff: ~key,source,versionId]
 ++ aws:s3:BucketObjectv2 MyWebDevServerCode created replacement (0.29s) [diff: ~key,source,versionId]
 +- aws:s3:BucketObjectv2 MyWebDevServerCode replacing (0s) [diff: ~key,source,versionId]
 +- aws:s3:BucketObjectv2 MyWebDevServerCode replaced (0.00s) [diff: ~key,source,versionId]
 ~  aws:lambda:Function MyWebDevServerFunction updating (0s) [diff: ~lastModified,s3Key]
@ updating.........
 ~  aws:lambda:Function MyWebDevServerFunction updated (6s) [diff: ~lastModified,s3Key]
 -- aws:s3:BucketObjectv2 MyWebDevServerCode deleting original (0s) [diff: ~key,source,versionId]
 -- aws:s3:BucketObjectv2 MyWebDevServerCode deleted original (0.13s) [diff: ~key,source,versionId]
    pulumi:pulumi:Stack markdown-editor-michael  
Outputs:
    _protect: false
    web     : "http://url-unavailable-in-dev.mode"

Resources:
    ~ 1 updated
    +-1 replaced
    2 changes. 7 unchanged

Duration: 14s

